// Jest Snapshot v1, https://goo.gl/fbAQLP

exports[`Seven hour Seven hout component renders the seven hour correctly should render correctly 1`] = `
<div>
  <section
    className="extendedForecastHeader"
  >
    <hr />
    <h3>
      7-Hour
      <br />
       
      <span>
        Forecast
      </span>
    </h3>
    <hr />
  </section>
  <section
    className="sevenHourForecast"
  >
    <section
      className="hourForecast"
    >
      <article
        className="extendedTimeDay"
      >
        11
        <span>
          AM
        </span>
      </article>
      <div>
        <article
          className="hourTemp"
        >
          64
          <sup>
            o
          </sup>
        </article>
        <i
          className="wu wu-white wu-256 wu-mostlycloudy"
        />
      </div>
    </section>
    <section
      className="hourForecast"
    >
      <article
        className="extendedTimeDay"
      >
        12
        <span>
          PM
        </span>
      </article>
      <div>
        <article
          className="hourTemp"
        >
          64
          <sup>
            o
          </sup>
        </article>
        <i
          className="wu wu-white wu-256 wu-mostlycloudy"
        />
      </div>
    </section>
    <section
      className="hourForecast"
    >
      <article
        className="extendedTimeDay"
      >
        1
        <span>
          PM
        </span>
      </article>
      <div>
        <article
          className="hourTemp"
        >
          65
          <sup>
            o
          </sup>
        </article>
        <i
          className="wu wu-white wu-256 wu-mostlycloudy"
        />
      </div>
    </section>
    <section
      className="hourForecast"
    >
      <article
        className="extendedTimeDay"
      >
        2
        <span>
          PM
        </span>
      </article>
      <div>
        <article
          className="hourTemp"
        >
          63
          <sup>
            o
          </sup>
        </article>
        <i
          className="wu wu-white wu-256 wu-mostlycloudy"
        />
      </div>
    </section>
    <section
      className="hourForecast"
    >
      <article
        className="extendedTimeDay"
      >
        3
        <span>
          PM
        </span>
      </article>
      <div>
        <article
          className="hourTemp"
        >
          62
          <sup>
            o
          </sup>
        </article>
        <i
          className="wu wu-white wu-256 wu-mostlycloudy"
        />
      </div>
    </section>
    <section
      className="hourForecast"
    >
      <article
        className="extendedTimeDay"
      >
        4
        <span>
          PM
        </span>
      </article>
      <div>
        <article
          className="hourTemp"
        >
          63
          <sup>
            o
          </sup>
        </article>
        <i
          className="wu wu-white wu-256 wu-mostlycloudy"
        />
      </div>
    </section>
    <section
      className="hourForecast"
    >
      <article
        className="extendedTimeDay"
      >
        5
        <span>
          PM
        </span>
      </article>
      <div>
        <article
          className="hourTemp"
        >
          62
          <sup>
            o
          </sup>
        </article>
        <i
          className="wu wu-white wu-256 wu-mostlycloudy"
        />
      </div>
    </section>
  </section>
</div>
`;

exports[`Seven hour Todo component renders the todo correctly renders correctly 1`] = `
<div>
  <section
    className="extendedForecastHeader"
  >
    <hr />
    <h3>
      7-Hour
      <br />
       
      <span>
        Forecast
      </span>
    </h3>
    <hr />
  </section>
  <section
    className="sevenHourForecast"
  >
    <section
      className="hourForecast"
    >
      <article
        className="extendedTimeDay"
      >
        11
        <span>
          AM
        </span>
      </article>
      <div>
        <article
          className="hourTemp"
        >
          64
          <sup>
            o
          </sup>
        </article>
        <i
          className="wu wu-white wu-256 wu-mostlycloudy"
        />
      </div>
    </section>
    <section
      className="hourForecast"
    >
      <article
        className="extendedTimeDay"
      >
        12
        <span>
          PM
        </span>
      </article>
      <div>
        <article
          className="hourTemp"
        >
          64
          <sup>
            o
          </sup>
        </article>
        <i
          className="wu wu-white wu-256 wu-mostlycloudy"
        />
      </div>
    </section>
    <section
      className="hourForecast"
    >
      <article
        className="extendedTimeDay"
      >
        1
        <span>
          PM
        </span>
      </article>
      <div>
        <article
          className="hourTemp"
        >
          65
          <sup>
            o
          </sup>
        </article>
        <i
          className="wu wu-white wu-256 wu-mostlycloudy"
        />
      </div>
    </section>
    <section
      className="hourForecast"
    >
      <article
        className="extendedTimeDay"
      >
        2
        <span>
          PM
        </span>
      </article>
      <div>
        <article
          className="hourTemp"
        >
          63
          <sup>
            o
          </sup>
        </article>
        <i
          className="wu wu-white wu-256 wu-mostlycloudy"
        />
      </div>
    </section>
    <section
      className="hourForecast"
    >
      <article
        className="extendedTimeDay"
      >
        3
        <span>
          PM
        </span>
      </article>
      <div>
        <article
          className="hourTemp"
        >
          62
          <sup>
            o
          </sup>
        </article>
        <i
          className="wu wu-white wu-256 wu-mostlycloudy"
        />
      </div>
    </section>
    <section
      className="hourForecast"
    >
      <article
        className="extendedTimeDay"
      >
        4
        <span>
          PM
        </span>
      </article>
      <div>
        <article
          className="hourTemp"
        >
          63
          <sup>
            o
          </sup>
        </article>
        <i
          className="wu wu-white wu-256 wu-mostlycloudy"
        />
      </div>
    </section>
    <section
      className="hourForecast"
    >
      <article
        className="extendedTimeDay"
      >
        5
        <span>
          PM
        </span>
      </article>
      <div>
        <article
          className="hourTemp"
        >
          62
          <sup>
            o
          </sup>
        </article>
        <i
          className="wu wu-white wu-256 wu-mostlycloudy"
        />
      </div>
    </section>
  </section>
</div>
`;
